2026-02-25T15:37:57,894  WARN PrepareForSimImpl:265 'usePersonIdForMissingVehicleId' is deprecated. It will be removed soon.
2026-02-25T15:37:58,247  WARN NetworkRoutingProvider:137 [mode: car; routingMode: car] Using deprecated routing module without access/egress. Consider using AccessEgressNetworkRouter instead.
2026-02-25T15:37:58,286  WARN NetworkRoutingProvider:137 [mode: car; routingMode: car] Using deprecated routing module without access/egress. Consider using AccessEgressNetworkRouter instead.
2026-02-25T15:38:00,887  WARN NetworkRoutingProvider:137 [mode: car; routingMode: car] Using deprecated routing module without access/egress. Consider using AccessEgressNetworkRouter instead.
2026-02-25T15:38:00,889  WARN NetworkRoutingProvider:137 [mode: car; routingMode: car] Using deprecated routing module without access/egress. Consider using AccessEgressNetworkRouter instead.
2026-02-25T15:38:01,278  WARN QueueWithBuffer:504 Link pt_0 too small: enlarge storage capacity from: 6.666666666666667 Vehicles to: 16.666666666666664 Vehicles.  This is not fatal, but modifies the traffic flow dynamics.
2026-02-25T15:38:01,280  WARN QueueWithBuffer:504 Link pt_1 too small: enlarge storage capacity from: 97.89767331949392 Vehicles to: 244.74418329873478 Vehicles.  This is not fatal, but modifies the traffic flow dynamics.
2026-02-25T15:38:01,280  WARN QueueWithBuffer:504 Link pt_10 too small: enlarge storage capacity from: 19.0743809502569 Vehicles to: 47.68595237564224 Vehicles.  This is not fatal, but modifies the traffic flow dynamics.
2026-02-25T15:38:01,280  WARN QueueWithBuffer:504 Link pt_11 too small: enlarge storage capacity from: 164.59184933001714 Vehicles to: 411.47962332504284 Vehicles.  This is not fatal, but modifies the traffic flow dynamics.
2026-02-25T15:38:01,280  WARN QueueWithBuffer:504 Link pt_12 too small: enlarge storage capacity from: 269.155885811095 Vehicles to: 672.8897145277374 Vehicles.  This is not fatal, but modifies the traffic flow dynamics.
2026-02-25T15:38:01,282  WARN QueueWithBuffer:504 Link pt_13 too small: enlarge storage capacity from: 5.2492851584528495 Vehicles to: 13.123212896132122 Vehicles.  This is not fatal, but modifies the traffic flow dynamics.
2026-02-25T15:38:01,282  WARN QueueWithBuffer:504 Link pt_14 too small: enlarge storage capacity from: 142.4200135621782 Vehicles to: 356.0500339054455 Vehicles.  This is not fatal, but modifies the traffic flow dynamics.
2026-02-25T15:38:01,283  WARN QueueWithBuffer:504 Link pt_15 too small: enlarge storage capacity from: 6.8090490632187795 Vehicles to: 17.02262265804695 Vehicles.  This is not fatal, but modifies the traffic flow dynamics.
2026-02-25T15:38:01,283  WARN QueueWithBuffer:504 Link pt_16 too small: enlarge storage capacity from: 98.79918965556476 Vehicles to: 246.99797413891187 Vehicles.  This is not fatal, but modifies the traffic flow dynamics.
2026-02-25T15:38:01,283  WARN QueueWithBuffer:504 Link pt_17 too small: enlarge storage capacity from: 97.89767331949392 Vehicles to: 244.74418329873478 Vehicles.  This is not fatal, but modifies the traffic flow dynamics.
2026-02-25T15:38:01,284  WARN QueueWithBuffer:504 Link pt_2 too small: enlarge storage capacity from: 98.79918965556476 Vehicles to: 246.99797413891187 Vehicles.  This is not fatal, but modifies the traffic flow dynamics.
2026-02-25T15:38:01,285  WARN QueueWithBuffer:507 Additional warnings of this type are suppressed.
2026-02-25T15:38:16,919  WARN NetworkRoutingProvider:137 [mode: car; routingMode: car] Using deprecated routing module without access/egress. Consider using AccessEgressNetworkRouter instead.
2026-02-25T15:38:16,919  WARN NetworkRoutingProvider:137 [mode: car; routingMode: car] Using deprecated routing module without access/egress. Consider using AccessEgressNetworkRouter instead.
2026-02-25T15:38:17,483  WARN NetworkRoutingProvider:137 [mode: car; routingMode: car] Using deprecated routing module without access/egress. Consider using AccessEgressNetworkRouter instead.
2026-02-25T15:38:17,483  WARN NetworkRoutingProvider:137 [mode: car; routingMode: car] Using deprecated routing module without access/egress. Consider using AccessEgressNetworkRouter instead.
2026-02-25T15:38:18,032  WARN NetworkRoutingProvider:137 [mode: car; routingMode: car] Using deprecated routing module without access/egress. Consider using AccessEgressNetworkRouter instead.
2026-02-25T15:38:18,032  WARN NetworkRoutingProvider:137 [mode: car; routingMode: car] Using deprecated routing module without access/egress. Consider using AccessEgressNetworkRouter instead.
2026-02-25T15:38:31,788  WARN NetworkRoutingProvider:137 [mode: car; routingMode: car] Using deprecated routing module without access/egress. Consider using AccessEgressNetworkRouter instead.
2026-02-25T15:38:31,792  WARN NetworkRoutingProvider:137 [mode: car; routingMode: car] Using deprecated routing module without access/egress. Consider using AccessEgressNetworkRouter instead.
2026-02-25T15:38:32,396  WARN NetworkRoutingProvider:137 [mode: car; routingMode: car] Using deprecated routing module without access/egress. Consider using AccessEgressNetworkRouter instead.
2026-02-25T15:38:32,396  WARN NetworkRoutingProvider:137 [mode: car; routingMode: car] Using deprecated routing module without access/egress. Consider using AccessEgressNetworkRouter instead.
2026-02-25T15:38:32,577  WARN NetworkRoutingProvider:137 [mode: car; routingMode: car] Using deprecated routing module without access/egress. Consider using AccessEgressNetworkRouter instead.
2026-02-25T15:38:32,593  WARN NetworkRoutingProvider:137 [mode: car; routingMode: car] Using deprecated routing module without access/egress. Consider using AccessEgressNetworkRouter instead.
2026-02-25T15:38:46,449  WARN NetworkRoutingProvider:137 [mode: car; routingMode: car] Using deprecated routing module without access/egress. Consider using AccessEgressNetworkRouter instead.
2026-02-25T15:38:46,451  WARN NetworkRoutingProvider:137 [mode: car; routingMode: car] Using deprecated routing module without access/egress. Consider using AccessEgressNetworkRouter instead.
2026-02-25T15:38:46,835  WARN NetworkRoutingProvider:137 [mode: car; routingMode: car] Using deprecated routing module without access/egress. Consider using AccessEgressNetworkRouter instead.
2026-02-25T15:38:46,835  WARN NetworkRoutingProvider:137 [mode: car; routingMode: car] Using deprecated routing module without access/egress. Consider using AccessEgressNetworkRouter instead.
2026-02-25T15:38:47,014  WARN NetworkRoutingProvider:137 [mode: car; routingMode: car] Using deprecated routing module without access/egress. Consider using AccessEgressNetworkRouter instead.
2026-02-25T15:38:47,014  WARN NetworkRoutingProvider:137 [mode: car; routingMode: car] Using deprecated routing module without access/egress. Consider using AccessEgressNetworkRouter instead.
2026-02-25T15:38:59,291  WARN NetworkRoutingProvider:137 [mode: car; routingMode: car] Using deprecated routing module without access/egress. Consider using AccessEgressNetworkRouter instead.
2026-02-25T15:38:59,292  WARN NetworkRoutingProvider:137 [mode: car; routingMode: car] Using deprecated routing module without access/egress. Consider using AccessEgressNetworkRouter instead.
2026-02-25T15:38:59,610  WARN NetworkRoutingProvider:137 [mode: car; routingMode: car] Using deprecated routing module without access/egress. Consider using AccessEgressNetworkRouter instead.
2026-02-25T15:38:59,611  WARN NetworkRoutingProvider:137 [mode: car; routingMode: car] Using deprecated routing module without access/egress. Consider using AccessEgressNetworkRouter instead.
2026-02-25T15:38:59,750  WARN NetworkRoutingProvider:137 [mode: car; routingMode: car] Using deprecated routing module without access/egress. Consider using AccessEgressNetworkRouter instead.
2026-02-25T15:38:59,752  WARN NetworkRoutingProvider:137 [mode: car; routingMode: car] Using deprecated routing module without access/egress. Consider using AccessEgressNetworkRouter instead.
2026-02-25T15:39:12,400  WARN NetworkRoutingProvider:137 [mode: car; routingMode: car] Using deprecated routing module without access/egress. Consider using AccessEgressNetworkRouter instead.
2026-02-25T15:39:12,401  WARN NetworkRoutingProvider:137 [mode: car; routingMode: car] Using deprecated routing module without access/egress. Consider using AccessEgressNetworkRouter instead.
2026-02-25T15:39:12,791  WARN NetworkRoutingProvider:137 [mode: car; routingMode: car] Using deprecated routing module without access/egress. Consider using AccessEgressNetworkRouter instead.
2026-02-25T15:39:12,792  WARN NetworkRoutingProvider:137 [mode: car; routingMode: car] Using deprecated routing module without access/egress. Consider using AccessEgressNetworkRouter instead.
2026-02-25T15:39:12,921  WARN NetworkRoutingProvider:137 [mode: car; routingMode: car] Using deprecated routing module without access/egress. Consider using AccessEgressNetworkRouter instead.
2026-02-25T15:39:12,924  WARN NetworkRoutingProvider:137 [mode: car; routingMode: car] Using deprecated routing module without access/egress. Consider using AccessEgressNetworkRouter instead.
2026-02-25T15:39:25,931  WARN NetworkRoutingProvider:137 [mode: car; routingMode: car] Using deprecated routing module without access/egress. Consider using AccessEgressNetworkRouter instead.
2026-02-25T15:39:25,932  WARN NetworkRoutingProvider:137 [mode: car; routingMode: car] Using deprecated routing module without access/egress. Consider using AccessEgressNetworkRouter instead.
2026-02-25T15:39:26,244  WARN NetworkRoutingProvider:137 [mode: car; routingMode: car] Using deprecated routing module without access/egress. Consider using AccessEgressNetworkRouter instead.
2026-02-25T15:39:26,244  WARN NetworkRoutingProvider:137 [mode: car; routingMode: car] Using deprecated routing module without access/egress. Consider using AccessEgressNetworkRouter instead.
2026-02-25T15:39:26,399  WARN NetworkRoutingProvider:137 [mode: car; routingMode: car] Using deprecated routing module without access/egress. Consider using AccessEgressNetworkRouter instead.
2026-02-25T15:39:26,400  WARN NetworkRoutingProvider:137 [mode: car; routingMode: car] Using deprecated routing module without access/egress. Consider using AccessEgressNetworkRouter instead.
2026-02-25T15:39:40,796  WARN NetworkRoutingProvider:137 [mode: car; routingMode: car] Using deprecated routing module without access/egress. Consider using AccessEgressNetworkRouter instead.
2026-02-25T15:39:40,796  WARN NetworkRoutingProvider:137 [mode: car; routingMode: car] Using deprecated routing module without access/egress. Consider using AccessEgressNetworkRouter instead.
2026-02-25T15:39:41,146  WARN NetworkRoutingProvider:137 [mode: car; routingMode: car] Using deprecated routing module without access/egress. Consider using AccessEgressNetworkRouter instead.
2026-02-25T15:39:41,147  WARN NetworkRoutingProvider:137 [mode: car; routingMode: car] Using deprecated routing module without access/egress. Consider using AccessEgressNetworkRouter instead.
2026-02-25T15:39:41,298  WARN NetworkRoutingProvider:137 [mode: car; routingMode: car] Using deprecated routing module without access/egress. Consider using AccessEgressNetworkRouter instead.
2026-02-25T15:39:41,299  WARN NetworkRoutingProvider:137 [mode: car; routingMode: car] Using deprecated routing module without access/egress. Consider using AccessEgressNetworkRouter instead.
2026-02-25T15:39:54,153  WARN NetworkRoutingProvider:137 [mode: car; routingMode: car] Using deprecated routing module without access/egress. Consider using AccessEgressNetworkRouter instead.
2026-02-25T15:39:54,154  WARN NetworkRoutingProvider:137 [mode: car; routingMode: car] Using deprecated routing module without access/egress. Consider using AccessEgressNetworkRouter instead.
2026-02-25T15:39:54,543  WARN NetworkRoutingProvider:137 [mode: car; routingMode: car] Using deprecated routing module without access/egress. Consider using AccessEgressNetworkRouter instead.
2026-02-25T15:39:54,544  WARN NetworkRoutingProvider:137 [mode: car; routingMode: car] Using deprecated routing module without access/egress. Consider using AccessEgressNetworkRouter instead.
2026-02-25T15:39:54,704  WARN NetworkRoutingProvider:137 [mode: car; routingMode: car] Using deprecated routing module without access/egress. Consider using AccessEgressNetworkRouter instead.
2026-02-25T15:39:54,706  WARN NetworkRoutingProvider:137 [mode: car; routingMode: car] Using deprecated routing module without access/egress. Consider using AccessEgressNetworkRouter instead.
2026-02-25T15:40:08,277  WARN NetworkRoutingProvider:137 [mode: car; routingMode: car] Using deprecated routing module without access/egress. Consider using AccessEgressNetworkRouter instead.
2026-02-25T15:40:08,279  WARN NetworkRoutingProvider:137 [mode: car; routingMode: car] Using deprecated routing module without access/egress. Consider using AccessEgressNetworkRouter instead.
2026-02-25T15:40:08,531  WARN NetworkRoutingProvider:137 [mode: car; routingMode: car] Using deprecated routing module without access/egress. Consider using AccessEgressNetworkRouter instead.
2026-02-25T15:40:08,532  WARN NetworkRoutingProvider:137 [mode: car; routingMode: car] Using deprecated routing module without access/egress. Consider using AccessEgressNetworkRouter instead.
2026-02-25T15:40:08,686  WARN NetworkRoutingProvider:137 [mode: car; routingMode: car] Using deprecated routing module without access/egress. Consider using AccessEgressNetworkRouter instead.
2026-02-25T15:40:08,687  WARN NetworkRoutingProvider:137 [mode: car; routingMode: car] Using deprecated routing module without access/egress. Consider using AccessEgressNetworkRouter instead.
2026-02-25T15:40:22,400  WARN NetworkRoutingProvider:137 [mode: car; routingMode: car] Using deprecated routing module without access/egress. Consider using AccessEgressNetworkRouter instead.
2026-02-25T15:40:22,400  WARN NetworkRoutingProvider:137 [mode: car; routingMode: car] Using deprecated routing module without access/egress. Consider using AccessEgressNetworkRouter instead.
2026-02-25T15:40:22,666  WARN NetworkRoutingProvider:137 [mode: car; routingMode: car] Using deprecated routing module without access/egress. Consider using AccessEgressNetworkRouter instead.
2026-02-25T15:40:22,667  WARN NetworkRoutingProvider:137 [mode: car; routingMode: car] Using deprecated routing module without access/egress. Consider using AccessEgressNetworkRouter instead.
2026-02-25T15:40:22,827  WARN NetworkRoutingProvider:137 [mode: car; routingMode: car] Using deprecated routing module without access/egress. Consider using AccessEgressNetworkRouter instead.
2026-02-25T15:40:22,829  WARN NetworkRoutingProvider:137 [mode: car; routingMode: car] Using deprecated routing module without access/egress. Consider using AccessEgressNetworkRouter instead.
2026-02-25T15:40:50,974  WARN MGC:179 Assuming that coordinates are in longitude first notation, i.e. (longitude, latitude).
2026-02-25T15:40:52,287  WARN MGC:179 Assuming that coordinates are in longitude first notation, i.e. (longitude, latitude).
2026-02-25T15:41:00,742  WARN RoutingConfigGroup:403 The first mode routing (= teleported mode) params that are explicitly defined clear the default mode routing (= teleported mode) params.  If you want to avoid this 
2026-02-25T15:41:00,743  WARN RoutingConfigGroup:404     warning, use clearTeleportedModeParams(true) in code, and "clearDefaultTeleportedModeParams"=true in xml config.
2026-02-25T15:41:00,745  WARN ScoringConfigGroup$ReflectiveDelegate:1684 Setting pathSizeLogitBeta different from zero is experimental.  KN, Sep'08
2026-02-25T15:41:13,156  WARN MGC:179 Assuming that coordinates are in longitude first notation, i.e. (longitude, latitude).
2026-02-25T15:41:13,158  WARN MGC:179 Assuming that coordinates are in longitude first notation, i.e. (longitude, latitude).
